// Jest Snapshot v1, https://jestjs.io/docs/snapshot-testing

exports[`🩸 MenstrualCard Component matches snapshot 1`] = `
<DocumentFragment>
  <div
    class="menstrual-card shadow-sm"
  >
    <div
      class="menstrual-card-top"
    >
      <h4>
        Understanding Menstrual Health
      </h4>
      <div
        class="menstrual-meta"
      >
        World Health Organization • 2025-11-02
      </div>
    </div>
    <div
      class="menstrual-card-body"
    >
      <p>
        Learn about the phases of your menstrual cycle and what they mean.
      </p>
    </div>
    <div
      class="menstrual-card-footer"
    >
      <button
        class="btn btn-outline-primary"
      >
        Open
      </button>
      <a
        class="btn btn-primary"
        href="https://example.com/menstrual-health"
        rel="noopener noreferrer"
        target="_blank"
      >
        Open in new tab
      </a>
    </div>
  </div>
</DocumentFragment>
`;
